============================================================
🧹  NETTOYAGE COMPLET + NOUVEAU SCRAPING ANAPEC
============================================================

============================================================
[ÉTAPE 1] Nettoyage des données de l'ancien scraper www.anapec.org
============================================================
[CLEANUP] 0 aides à supprimer
[CLEANUP] 0 aides supprimées
[CLEANUP] 0 logs supprimés

============================================================
[ÉTAPE 2] Vérification dans PostgreSQL : 0 ligne de l'ancien scraper ?
============================================================
[VERIF] Aides avec www.anapec.org ou sigec-app-rv : 0
[VERIF] Total aides restantes : 7
[VERIF] ✅ Base propre : aucune ligne résiduelle.

============================================================
[ÉTAPE 3] Lancement du nouveau scraper anapec.ma/chercheurs/offres
============================================================
[ANAPEC-EMPLOI] Début du scraping des offres d'emploi
[ANAPEC-EMPLOI] Téléchargement de https://anapec.ma/chercheurs/offres
[ANAPEC-EMPLOI] Page 1 : 15 offres
[ANAPEC-EMPLOI] Pages totales : 715
[ANAPEC-EMPLOI] Aucun token CSRF trouvé.
[ANAPEC-EMPLOI] 15 offres à traiter
[ANAPEC-EMPLOI] Traitement offre 1/15
[ANAPEC-EMPLOI] Traitement offre 2/15
[ANAPEC-EMPLOI] Traitement offre 3/15
[ANAPEC-EMPLOI] Traitement offre 4/15
[ANAPEC-EMPLOI] Traitement offre 5/15
[ANAPEC-EMPLOI] Traitement offre 6/15
[ANAPEC-EMPLOI] Traitement offre 7/15
[ANAPEC-EMPLOI] Traitement offre 8/15
[ANAPEC-EMPLOI] Traitement offre 9/15
[ANAPEC-EMPLOI] Traitement offre 10/15
[ANAPEC-EMPLOI] Traitement offre 11/15
[ANAPEC-EMPLOI] Traitement offre 12/15
[ANAPEC-EMPLOI] Traitement offre 13/15
[ANAPEC-EMPLOI] Traitement offre 14/15
[ANAPEC-EMPLOI] Traitement offre 15/15
[ANAPEC-EMPLOI] 0 enregistrements récupérés

[SCRAPE] Temps : 17.5s
[SCRAPE] Enregistrements récupérés : 0
[SCRAPE] ⚠️  Aucun enregistrement récupéré.

============================================================
[ÉTAPE 4] Résultats du nouveau scraping
============================================================
[RÉSULTAT] ⚠️  Aucune donnée à afficher.

============================================================
[ÉTAPE 5] Vérification finale en base de données
============================================================

📋 Dernières aides insérées (anapec.ma) :
────────────────────────────────────────────────────────────────────────────────
ID    TITRE                                              URL_OFFICIELLE
────────────────────────────────────────────────────────────────────────────────
7     𝘼𝙉𝘼𝙋𝙀𝘾 𝙧𝙚ç𝙤𝙞𝙩 𝙡’𝘼𝙜𝙚𝙣𝙘𝙚 𝙋𝙪𝙗𝙡𝙞𝙦𝙪𝙚 𝙙𝙚 𝙡’𝙀𝙢𝙥𝙡𝙤𝙞 𝙙’𝘼𝙯   https://anapec.ma/blog/post/c-i
6     𝐥’𝐀𝐍𝐀𝐏𝐄𝐂 𝐞𝐧 𝐚𝐩𝐩𝐮𝐢 𝐚𝐮𝐱 𝐭𝐚𝐥𝐞𝐧𝐭𝐬 𝐝𝐞 𝐥’𝐎𝐟𝐟𝐬𝐡𝐨𝐫𝐢𝐧𝐠      https://anapec.ma/blog/post/-1
5     𝙀𝙣𝙜𝙖𝙜𝙚𝙢𝙚𝙣𝙩 𝙨𝙩𝙧𝙖𝙩é𝙜𝙞𝙦𝙪𝙚 : 𝙡’𝘼𝙉𝘼𝙋𝙀𝘾, 𝙥𝙖𝙧𝙩𝙚𝙣𝙖𝙞𝙧𝙚 𝙙𝙚   https://anapec.ma/blog/post/e-ee
4     𝙇’𝘼𝙉𝘼𝙋𝙀𝘾 𝘼𝘾𝘾𝙐𝙀𝙄𝙇𝙇𝙀 𝙇’𝙊𝙉𝘼𝙋𝙀 𝘿𝙐 𝙏𝘾𝙃𝘼𝘿                https://anapec.ma/blog/post/visite-tchad
3     𝙅𝙤𝙗 𝘿𝙖𝙮 – 𝙁è𝙨 𝙈𝙚𝙠𝙣è𝙨                               https://anapec.ma/blog/post/%F0%9D%99%85%F0%9D%99%A4%F0%9D%99%97%20%F0%9D%98%BF%F0%9D%99%96%F0%9D%99%AE%20%E2%80%93%20%F0%9D%99%81%C3%A8%F0%9D%99%A8%20%F0%9D%99%88%F0%9D%99%9A%F0%9D%99%A0%F0%9D%99%A3%C3%A8%F0%9D%99%A8
2     Signature d'une convention-cadre pour un emploi    https://anapec.ma/blog/post/signature-dune-convention-cadre-pour-un-emploi-saisonnier-agricole-structure-et-durable
1     Lancement officiel du programme « idmaj » au pro   https://anapec.ma/blog/post/lancement-officiel-du-programme-idmaj-au-profit-des-non-diplomes-un-nouveau-levier-pour-linsertion-professionnelle-des-jeunes

[DB] Total aides en base : 7
[DB] Lignes résiduelles www.anapec.org/sigec-app-rv : 0 ✅

============================================================
✅  PROCESSUS TERMINÉ
============================================================
